<html>
<body>
<pre>
<h1>µVision Build Log</h1>
<h2>Tool Versions:</h2>
IDE-Version: ¦ÌVision V5.24.2.0
Copyright (C) 2017 ARM Ltd and ARM Germany GmbH. All rights reserved.
License Information: ph oenix, hqrd, LIC=21EVE-507A3-YVM1Y-IF51S-RI7FH-5L58E
 
Tool Versions:
Toolchain:       MDK-ARM Plus  Version: 5.24.1
Toolchain Path:  C:\Keil_v5\ARM\ARMCC\Bin
C Compiler:      Armcc.exe V5.06 update 5 (build 528)
Assembler:       Armasm.exe V5.06 update 5 (build 528)
Linker/Locator:  ArmLink.exe V5.06 update 5 (build 528)
Library Manager: ArmAr.exe V5.06 update 5 (build 528)
Hex Converter:   FromElf.exe V5.06 update 5 (build 528)
CPU DLL:         SARMCM3.DLL V5.24.1
Dialog DLL:      DCM.DLL V1.16.0.0
Target DLL:      Segger\JL2CM3.dll V2.99.26.0
Dialog DLL:      TCM.DLL V1.32.0.0
 
<h2>Project:</h2>
D:\GitHub\RFID_MainBoard_ModBus-Master\Project\RFID_MainBoard_ModBus-Master.uvproj
Project File Date:  11/05/2018

<h2>Output:</h2>
*** Using Compiler 'V5.06 update 5 (build 528)', folder: 'C:\Keil_v5\ARM\ARMCC\Bin'
Rebuild target 'RFID_MainBoard'
assembling startup_stm32f4xx.s...
compiling system_stm32f4xx.c...
compiling misc.c...
compiling stm32f4xx_dma.c...
compiling stm32f4xx_exti.c...
compiling stm32f4xx_rcc.c...
compiling stm32f4xx_pwr.c...
compiling stm32f4xx_rtc.c...
compiling stm32f4xx_syscfg.c...
compiling stm32f4xx_tim.c...
compiling stm32f4xx_usart.c...
compiling stm32f4xx_gpio.c...
compiling main.c...
compiling stm32f4xx_it.c...
compiling bsp_basic_tim.c...
compiling function.c...
compiling bsp_com_usart.c...
compiling bsp_gprs.c...
compiling modbus_master.c...
..\User\Modbus_Master\modbus_master.c(4): warning:  #177-D: variable "ku8MBIllegalFunction"  was declared but never referenced
   static const uint8_t ku8MBIllegalFunction            = 0x01;
..\User\Modbus_Master\modbus_master.c(6): warning:  #177-D: variable "ku8MBIllegalDataValue"  was declared but never referenced
   static const uint8_t ku8MBIllegalDataValue           = 0x03;
..\User\Modbus_Master\modbus_master.c(7): warning:  #177-D: variable "ku8MBSlaveDeviceFailure"  was declared but never referenced
   static const uint8_t ku8MBSlaveDeviceFailure         = 0x04;
..\User\Modbus_Master\modbus_master.c: 3 warnings, 0 errors
compiling ringbuffer.c...
compiling trans_recieve_buff_control.c...
linking...
Program Size: Code=13784 RO-data=424 RW-data=200 ZI-data=1624  
FromELF: creating hex file...
"..\Objects\RFID_MainBoard.axf" - 0 Error(s), 3 Warning(s).
Build Time Elapsed:  00:00:15
</pre>
</body>
</html>
